---
source: tests/integration.rs
expression: output
input_file: tests/scripts/04_dicts.sheet
---
--- CODE ---
// Simple Dictionary
A1 = { x: 10, y: 20 }    // = { x: 10, y: 20 }

// Member Access (Dot notation)
B1 = A1.x                // = 10
B2 = A1.y                // = 20

// Member Access (non-existent key)
B3 = A1.z                // = empty

// Nested Dictionaries
C1 = { meta: { id: 55 } }
// Access nested
C2 = C1.meta.id          // = 55

--- PARSE & EXECUTION ---

[Tick 1]
A1: { x: 10, y: 20 }
B1: empty
C1: { meta: { id: 55 } }
B2: empty
C2: empty
B3: empty

[Tick 2]
A1: { x: 10, y: 20 }
B1: 10
C1: { meta: { id: 55 } }
B2: 20
C2: 55
B3: empty

--- CHECKS ---
✅ A1: Matches ({ x: 10, y: 20 })
✅ B1: Matches (10)
✅ B2: Matches (20)
✅ B3: Matches (empty)
✅ C2: Matches (55)
